first todo
x second todo
another todo
x last todo
